// Jest Snapshot v1, https://goo.gl/fbAQLP

exports[`renders correct navbar component 1`] = `
<div
  id="navBar"
>
  <nav>
    <div
      id="navBarBrand"
    >
      <a
        className="navLink"
        href="/"
        title="Україні Слава!"
      >
        William Ellison
      </a>
    </div>
    <div
      id="navBarBody"
    >
      <menu
        id="topLevelNavMenu"
      >
        <li>
          <a
            className="navLink neverGonnaGiveYouUp"
            href="//waellison.blog"
          >
            Blog
          </a>
        </li>
        <li>
          <a
            className="navLink neverGonnaLetYouDown"
            href="/resume"
            onClick={[Function]}
          >
            Résumé
          </a>
        </li>
        <li>
          <a
            className="navLink neverGonnaRunAroundAndDesertYou"
            href="/portfolio"
            onClick={[Function]}
          >
            Portfolio
          </a>
        </li>
      </menu>
    </div>
  </nav>
</div>
`;
