// Jest Snapshot v1, https://goo.gl/fbAQLP

exports[`renders correct skill block component 1`] = `
<div
  id="skills"
>
  <h2>
    Skills
  </h2>
  <div
    id="skillbox"
  >
    <div
      className="skillCategory"
      id="DevOps"
    >
      <h3>
        DevOps
      </h3>
      <ul>
        <li
          className="captionedIconContainer"
        >
          <span>
            <img
              alt="Azure"
              className="captionedIcon"
              src="/icons/cloud-azure.svg"
            />
             Azure
          </span>
        </li>
        <li
          className="captionedIconContainer"
        >
          <span>
            <img
              alt="Docker"
              className="captionedIcon"
              src="/icons/devops-docker.svg"
            />
             Docker
          </span>
        </li>
        <li
          className="captionedIconContainer"
        >
          <span>
            <img
              alt="Kubernetes"
              className="captionedIcon"
              src="/icons/devops-kubernetes.svg"
            />
             Kubernetes
          </span>
        </li>
        <li
          className="captionedIconContainer"
        >
          <span>
            <img
              alt="Git"
              className="captionedIcon"
              src="/icons/software-Git.svg"
            />
             Git
          </span>
        </li>
        <li
          className="captionedIconContainer"
        >
          <span>
            <img
              alt="Linux"
              className="captionedIcon"
              src="/icons/skill-linux.svg"
            />
             Linux
          </span>
        </li>
        <li
          className="captionedIconContainer"
        >
          <span>
            <img
              alt="Continuous integration"
              className="captionedIcon"
              src="/icons/skill-devops.svg"
            />
             
            <abbr
              title="Continuous integration"
            >
              CI
            </abbr>
            /
            <abbr
              title="Continuous delivery"
            >
              CD
            </abbr>
          </span>
        </li>
      </ul>
    </div>
    <div
      className="skillCategory"
      id="Libraries"
    >
      <h3>
        Libraries
      </h3>
      <ul>
        <li
          className="captionedIconContainer"
        >
          <span>
            <img
              alt="Flask"
              className="captionedIcon"
              src="/icons/framework-flask.svg"
            />
             Flask
          </span>
        </li>
        <li
          className="captionedIconContainer"
        >
          <span>
            <img
              alt="jQuery"
              className="captionedIcon"
              src="/icons/library-jquery.svg"
            />
             jQuery
          </span>
        </li>
        <li
          className="captionedIconContainer"
        >
          <span>
            <img
              alt="React"
              className="captionedIcon"
              src="/icons/library-react.svg"
            />
             React
          </span>
        </li>
        <li
          className="captionedIconContainer"
        >
          <span>
            <img
              alt="RestApi"
              className="captionedIcon"
              src="/icons/skill-RestApi.svg"
            />
             REST APIs
          </span>
        </li>
        <li
          className="captionedIconContainer"
        >
          <span>
            <img
              alt="PostgreSQL"
              className="captionedIcon"
              src="/icons/language-postgreSQL.svg"
            />
             PostgreSQL
          </span>
        </li>
      </ul>
    </div>
    <div
      className="skillCategory"
      id="Languages"
    >
      <h3>
        Languages
      </h3>
      <ul>
        <li
          className="captionedIconContainer"
        >
          <span>
            <img
              alt="Python"
              className="captionedIcon"
              src="/icons/language-python.svg"
            />
             Python
          </span>
        </li>
        <li
          className="captionedIconContainer"
        >
          <span>
            <img
              alt="JavaScript"
              className="captionedIcon"
              src="/icons/language-javaScript.svg"
            />
             JavaScript
          </span>
        </li>
        <li
          className="captionedIconContainer"
        >
          <span>
            <img
              alt="C++"
              className="captionedIcon"
              src="/icons/language-CeePlusPlus.svg"
            />
             C++
          </span>
        </li>
        <li
          className="captionedIconContainer"
        >
          <span>
            <img
              alt="USA"
              className="captionedIcon"
              src="/icons/flag-USA.svg"
            />
             English
          </span>
        </li>
        <li
          className="captionedIconContainer"
        >
          <span>
            <img
              alt="French"
              className="captionedIcon"
              src="/icons/flag-france.svg"
            />
             French
          </span>
        </li>
      </ul>
    </div>
  </div>
</div>
`;
