// Jest Snapshot v1, https://goo.gl/fbAQLP

exports[`renders correct school component 1`] = `
<div
  className="event"
>
  <h3>
    freeCodeCamp
  </h3>
  <p>
    2022
    , 
    Certifications in Responsive Web Design and JavaScript Algorithms and Data Structures
  </p>
  <p
    dangerouslySetInnerHTML={
      Object {
        "__html": "Self-paced boot camp-style curriculum in major libraries used for frontend Web development, including jQuery, React, Redux, and Bootstrap.",
      }
    }
  />
  <ul
    className="skillsUsed"
  >
    <li
      className="skillTag"
      dangerouslySetInnerHTML={
        Object {
          "__html": "JavaScript",
        }
      }
    />
    <li
      className="skillTag"
      dangerouslySetInnerHTML={
        Object {
          "__html": "React.js",
        }
      }
    />
    <li
      className="skillTag"
      dangerouslySetInnerHTML={
        Object {
          "__html": "Redux",
        }
      }
    />
    <li
      className="skillTag"
      dangerouslySetInnerHTML={
        Object {
          "__html": "HTML",
        }
      }
    />
    <li
      className="skillTag"
      dangerouslySetInnerHTML={
        Object {
          "__html": "CSS",
        }
      }
    />
    <li
      className="skillTag"
      dangerouslySetInnerHTML={
        Object {
          "__html": "Bootstrap",
        }
      }
    />
  </ul>
</div>
`;
